// Jest Snapshot v1, https://goo.gl/fbAQLP

exports[`Input test Input\`s snapshot 1`] = `
<input
  class="input"
  data-testid="input"
  placeholder="Email"
  type="email"
/>
`;
